{ CastError: Cast to ObjectId failed for value "undefined" at path "_id" for model "Blog"
    at model.Query.exec (/mnt/c/Users/Mohit/GitProjects/xhr-ajax/node_modules/mongoose/lib/query.js:4360:21)
    at model.Query.Query.then (/mnt/c/Users/Mohit/GitProjects/xhr-ajax/node_modules/mongoose/lib/query.js:4454:15)
    at /mnt/c/Users/Mohit/GitProjects/xhr-ajax/app.js:80:10
    at Layer.handle [as handle_request] (/mnt/c/Users/Mohit/GitProjects/xhr-ajax/node_modules/express/lib/router/layer.js:95:5)
    at next (/mnt/c/Users/Mohit/GitProjects/xhr-ajax/node_modules/express/lib/router/route.js:137:13)
    at Route.dispatch (/mnt/c/Users/Mohit/GitProjects/xhr-ajax/node_modules/express/lib/router/route.js:112:3)
    at Layer.handle [as handle_request] (/mnt/c/Users/Mohit/GitProjects/xhr-ajax/node_modules/express/lib/router/layer.js:95:5)
    at /mnt/c/Users/Mohit/GitProjects/xhr-ajax/node_modules/express/lib/router/index.js:281:22
    at param (/mnt/c/Users/Mohit/GitProjects/xhr-ajax/node_modules/express/lib/router/index.js:354:14)
    at param (/mnt/c/Users/Mohit/GitProjects/xhr-ajax/node_modules/express/lib/router/index.js:365:14)
    at Function.process_params (/mnt/c/Users/Mohit/GitProjects/xhr-ajax/node_modules/express/lib/router/index.js:410:3)
    at next (/mnt/c/Users/Mohit/GitProjects/xhr-ajax/node_modules/express/lib/router/index.js:275:10)
    at urlencodedParser (/mnt/c/Users/Mohit/GitProjects/xhr-ajax/node_modules/body-parser/lib/types/urlencoded.js:91:7)
    at Layer.handle [as handle_request] (/mnt/c/Users/Mohit/GitProjects/xhr-ajax/node_modules/express/lib/router/layer.js:95:5)
    at trim_prefix (/mnt/c/Users/Mohit/GitProjects/xhr-ajax/node_modules/express/lib/router/index.js:317:13)
    at /mnt/c/Users/Mohit/GitProjects/xhr-ajax/node_modules/express/lib/router/index.js:284:7
  messageFormat: undefined,
  stringValue: '"undefined"',
  kind: 'ObjectId',
  value: 'undefined',
  path: '_id',
  reason:
   Error: Argument passed in must be a single String of 12 bytes or a string of 24 hex characters
       at new ObjectID (/mnt/c/Users/Mohit/GitProjects/xhr-ajax/node_modules/bson/lib/bson/objectid.js:59:11)
       at castObjectId (/mnt/c/Users/Mohit/GitProjects/xhr-ajax/node_modules/mongoose/lib/cast/objectid.js:25:12)
       at ObjectId.cast (/mnt/c/Users/Mohit/GitProjects/xhr-ajax/node_modules/mongoose/lib/schema/objectid.js:279:12)
       at ObjectId.SchemaType.applySetters (/mnt/c/Users/Mohit/GitProjects/xhr-ajax/node_modules/mongoose/lib/schematype.js:1091:12)       
       at ObjectId.SchemaType._castForQuery (/mnt/c/Users/Mohit/GitProjects/xhr-ajax/node_modules/mongoose/lib/schematype.js:1526:15)      
       at ObjectId.SchemaType.castForQuery (/mnt/c/Users/Mohit/GitProjects/xhr-ajax/node_modules/mongoose/lib/schematype.js:1516:15)       
       at ObjectId.SchemaType.castForQueryWrapper (/mnt/c/Users/Mohit/GitProjects/xhr-ajax/node_modules/mongoose/lib/schematype.js:1493:20)       at cast (/mnt/c/Users/Mohit/GitProjects/xhr-ajax/node_modules/mongoose/lib/cast.js:331:32)
       at model.Query.Query.cast (/mnt/c/Users/Mohit/GitProjects/xhr-ajax/node_modules/mongoose/lib/query.js:4765:12)
       at model.Query.Query._castConditions (/mnt/c/Users/Mohit/GitProjects/xhr-ajax/node_modules/mongoose/lib/query.js:1843:10)
       at model.Query.<anonymous> (/mnt/c/Users/Mohit/GitProjects/xhr-ajax/node_modules/mongoose/lib/query.js:2100:8)
       at model.Query._wrappedThunk [as _findOne] (/mnt/c/Users/Mohit/GitProjects/xhr-ajax/node_modules/mongoose/lib/helpers/query/wrapThunk.js:16:8)
       at process.nextTick (/mnt/c/Users/Mohit/GitProjects/xhr-ajax/node_modules/kareem/index.js:370:33)
       at process._tickCallback (internal/process/next_tick.js:61:11) }